projects/amazon-trend-analyzer/qb_chunks/page_028_skip028000.csv
ASIN Buyability Flag,asin_status,CVR%,revenue,asp,units,gv,Images #,Videos #,Has A+ Content,Buybox Winner,Average Rating,Number of Ratings,bb_price,Ad CTR%,Ad CVR%,bsr,brand,Ad CPC$,ASIN (Description),Update Type,Sold By Amazon,Has Coupon?,Has Store Link?,In Stock Today?,category,Sellable On Hand Units,asin,date,Ad Cost,Ad Sales,Ad Clicks,Ad Impressions,Ad Conversions
In Stock,ACTIVE,0.333,157.0,9.78,16.0,48.0,9.0,0.0,True,,4.6,8394.0,9.8,,,125.0,Glad,,"B01G9DOK66 (Glad - 8.5"" Round Paper Plates, 50ct - Pink Hydrangea)",[],True,False,True,False,Disposable Tabletop,2049.0,B01G9DOK66,2025-09-20,,,,,
In Stock,ACTIVE,0.6779999999999999,392.0,9.79,40.0,59.0,9.0,0.0,True,,4.6,8391.0,9.83,,,120.0,Glad,,"B01G9DOK66 (Glad - 8.5"" Round Paper Plates, 50ct - Pink Hydrangea)",[],True,False,True,False,Disposable Tabletop,2103.0,B01G9DOK66,2025-09-19,,,,,
In Stock,ACTIVE,0.6729999999999999,343.0,9.81,35.0,52.0,9.0,0.0,True,,4.6,8391.0,9.65,,,115.0,Glad,,"B01G9DOK66 (Glad - 8.5"" Round Paper Plates, 50ct - Pink Hydrangea)",[],True,False,True,False,Disposable Tabletop,2100.0,B01G9DOK66,2025-09-18,,,,,
In Stock,ACTIVE,1.143,384.0,9.6,40.0,35.0,9.0,0.0,True,,4.6,8390.0,10.11,,,106.0,Glad,,"B01G9DOK66 (Glad - 8.5"" Round Paper Plates, 50ct - Pink Hydrangea)",[],True,False,True,False,Disposable Tabletop,2095.0,B01G9DOK66,2025-09-17,,,,,
In Stock,ACTIVE,0.93,403.0,10.07,40.0,43.0,9.0,0.0,True,,4.6,8390.0,10.05,,,95.0,Glad,,"B01G9DOK66 (Glad - 8.5"" Round Paper Plates, 50ct - Pink Hydrangea)",[],True,False,True,False,Disposable Tabletop,2156.0,B01G9DOK66,2025-09-16,,,,,
In Stock,ACTIVE,1.0,452.0,10.04,45.0,45.0,9.0,0.0,True,,4.6,8390.0,10.07,,,102.0,Glad,,"B01G9DOK66 (Glad - 8.5"" Round Paper Plates, 50ct - Pink Hydrangea)",[],True,False,True,False,Disposable Tabletop,2069.0,B01G9DOK66,2025-09-15,,,,,
In Stock,ACTIVE,0.537,363.0,10.09,36.0,67.0,9.0,0.0,True,,4.6,8390.0,10.08,,,112.0,Glad,,"B01G9DOK66 (Glad - 8.5"" Round Paper Plates, 50ct - Pink Hydrangea)",[],True,False,True,False,Disposable Tabletop,2043.0,B01G9DOK66,2025-09-14,,,,,
In Stock,ACTIVE,0.5,363.0,10.09,36.0,72.0,9.0,0.0,True,,4.6,8390.0,10.08,,,143.0,Glad,,"B01G9DOK66 (Glad - 8.5"" Round Paper Plates, 50ct - Pink Hydrangea)",[],True,False,True,False,Disposable Tabletop,2085.0,B01G9DOK66,2025-09-13,,,,,
In Stock,ACTIVE,0.75,393.0,10.08,39.0,52.0,9.0,0.0,True,,4.6,8388.0,10.08,,,145.0,Glad,,"B01G9DOK66 (Glad - 8.5"" Round Paper Plates, 50ct - Pink Hydrangea)",[],True,False,True,False,Disposable Tabletop,2038.0,B01G9DOK66,2025-09-12,,,,,
In Stock,ACTIVE,0.7170000000000001,432.0,10.05,43.0,60.0,9.0,0.0,True,,4.6,8388.0,10.09,,,145.0,Glad,,"B01G9DOK66 (Glad - 8.5"" Round Paper Plates, 50ct - Pink Hydrangea)",[],True,False,True,False,Disposable Tabletop,2078.0,B01G9DOK66,2025-09-11,,,,,
In Stock,ACTIVE,0.534,311.0,10.03,31.0,58.0,9.0,0.0,True,,4.6,8386.0,10.03,,,119.0,Glad,,"B01G9DOK66 (Glad - 8.5"" Round Paper Plates, 50ct - Pink Hydrangea)",[],True,False,True,False,Disposable Tabletop,2051.0,B01G9DOK66,2025-09-10,,,,,
In Stock,ACTIVE,0.6809999999999999,314.0,9.8,32.0,47.0,9.0,0.0,True,,4.6,8387.0,10.03,,,123.0,Glad,,"B01G9DOK66 (Glad - 8.5"" Round Paper Plates, 50ct - Pink Hydrangea)",[],True,False,True,False,Disposable Tabletop,2026.0,B01G9DOK66,2025-09-09,,,,,
In Stock,ACTIVE,0.8029999999999999,484.0,9.88,49.0,61.0,9.0,0.0,True,,4.6,8387.0,10.03,,,122.0,Glad,,"B01G9DOK66 (Glad - 8.5"" Round Paper Plates, 50ct - Pink Hydrangea)",[],True,False,True,False,Disposable Tabletop,2015.0,B01G9DOK66,2025-09-08,,,,,
In Stock,ACTIVE,0.469,227.0,9.86,23.0,49.0,9.0,0.0,True,,4.6,8386.0,10.03,,,115.0,Glad,,"B01G9DOK66 (Glad - 8.5"" Round Paper Plates, 50ct - Pink Hydrangea)",[],True,False,True,False,Disposable Tabletop,2009.0,B01G9DOK66,2025-09-07,,,,,
In Stock,ACTIVE,0.462,180.0,10.0,18.0,39.0,9.0,0.0,True,,4.6,8385.0,10.05,,,105.0,Glad,,"B01G9DOK66 (Glad - 8.5"" Round Paper Plates, 50ct - Pink Hydrangea)",[],True,False,True,False,Disposable Tabletop,2121.0,B01G9DOK66,2025-09-06,,,,,
In Stock,ACTIVE,0.521,249.0,9.95,25.0,48.0,9.0,0.0,True,,4.6,8386.0,10.05,,,99.0,Glad,,"B01G9DOK66 (Glad - 8.5"" Round Paper Plates, 50ct - Pink Hydrangea)",[],True,False,True,False,Disposable Tabletop,1938.0,B01G9DOK66,2025-09-05,,,,,
In Stock,ACTIVE,0.613,370.0,9.74,38.0,62.0,9.0,0.0,True,,4.6,8385.0,9.79,,,94.0,Glad,,"B01G9DOK66 (Glad - 8.5"" Round Paper Plates, 50ct - Pink Hydrangea)",[],True,False,True,False,Disposable Tabletop,1998.0,B01G9DOK66,2025-09-04,,,,,
In Stock,ACTIVE,0.444,305.0,9.54,32.0,72.0,9.0,0.0,True,,4.6,8385.0,9.61,,,85.0,Glad,,"B01G9DOK66 (Glad - 8.5"" Round Paper Plates, 50ct - Pink Hydrangea)",[],True,False,True,False,Disposable Tabletop,2113.0,B01G9DOK66,2025-09-03,,,,,
In Stock,ACTIVE,0.6559999999999999,404.0,9.62,42.0,64.0,9.0,0.0,True,,4.6,8385.0,9.74,,,93.0,Glad,,"B01G9DOK66 (Glad - 8.5"" Round Paper Plates, 50ct - Pink Hydrangea)",[],True,False,True,False,Disposable Tabletop,1990.0,B01G9DOK66,2025-09-02,,,,,
In Stock,ACTIVE,0.7040000000000001,555.0,9.73,57.0,81.0,9.0,0.0,True,,4.6,8384.0,9.74,,,90.0,Glad,,"B01G9DOK66 (Glad - 8.5"" Round Paper Plates, 50ct - Pink Hydrangea)",[],True,False,True,False,Disposable Tabletop,2081.0,B01G9DOK66,2025-09-01,,,,,
In Stock,ACTIVE,0.349,146.0,9.76,15.0,43.0,9.0,0.0,True,,4.6,8380.0,9.77,,,111.0,Glad,,"B01G9DOK66 (Glad - 8.5"" Round Paper Plates, 50ct - Pink Hydrangea)",[],True,False,True,False,Disposable Tabletop,1997.0,B01G9DOK66,2025-08-30,,,,,
In Stock,ACTIVE,0.7140000000000001,436.0,9.69,45.0,63.0,9.0,0.0,True,,4.6,8381.0,9.69,,,127.0,Glad,,"B01G9DOK66 (Glad - 8.5"" Round Paper Plates, 50ct - Pink Hydrangea)",[],True,False,True,False,Disposable Tabletop,2002.0,B01G9DOK66,2025-08-29,,,,,
In Stock,ACTIVE,0.855,513.0,9.68,53.0,62.0,9.0,0.0,True,,4.6,8379.0,9.69,,,135.0,Glad,,"B01G9DOK66 (Glad - 8.5"" Round Paper Plates, 50ct - Pink Hydrangea)",[],True,False,True,False,Disposable Tabletop,2018.0,B01G9DOK66,2025-08-28,,,,,
In Stock,ACTIVE,1.289,481.0,9.81,49.0,38.0,9.0,0.0,True,,4.6,8379.0,9.82,,,113.0,Glad,,"B01G9DOK66 (Glad - 8.5"" Round Paper Plates, 50ct - Pink Hydrangea)",[],True,False,True,False,Disposable Tabletop,2019.0,B01G9DOK66,2025-08-27,,,,,
In Stock,ACTIVE,0.706,354.0,9.83,36.0,51.0,9.0,0.0,True,,4.6,8378.0,9.82,,,121.0,Glad,,"B01G9DOK66 (Glad - 8.5"" Round Paper Plates, 50ct - Pink Hydrangea)",[],True,False,True,False,Disposable Tabletop,1999.0,B01G9DOK66,2025-08-26,,,,,
In Stock,ACTIVE,1.085,501.0,9.82,51.0,47.0,9.0,0.0,True,,4.6,8378.0,9.82,,,117.0,Glad,,"B01G9DOK66 (Glad - 8.5"" Round Paper Plates, 50ct - Pink Hydrangea)",[],True,False,True,False,Disposable Tabletop,2044.0,B01G9DOK66,2025-08-25,,,,,
In Stock,ACTIVE,0.328,216.0,9.82,22.0,67.0,9.0,0.0,True,,4.6,8378.0,9.84,,,114.0,Glad,,"B01G9DOK66 (Glad - 8.5"" Round Paper Plates, 50ct - Pink Hydrangea)",[],True,False,True,False,Disposable Tabletop,2016.0,B01G9DOK66,2025-08-24,,,,,
In Stock,ACTIVE,0.617,285.0,9.84,29.0,47.0,9.0,0.0,True,,4.6,8378.0,9.84,,,118.0,Glad,,"B01G9DOK66 (Glad - 8.5"" Round Paper Plates, 50ct - Pink Hydrangea)",[],True,False,True,False,Disposable Tabletop,2054.0,B01G9DOK66,2025-08-23,0.0,0.0,0.0,0.0,0.0
In Stock,ACTIVE,1.1,432.0,9.82,44.0,40.0,9.0,0.0,True,,4.6,8378.0,9.82,,,110.0,Glad,,"B01G9DOK66 (Glad - 8.5"" Round Paper Plates, 50ct - Pink Hydrangea)",[],True,False,True,False,Disposable Tabletop,2106.0,B01G9DOK66,2025-08-22,0.0,0.0,0.0,0.0,0.0
In Stock,ACTIVE,0.66,305.0,9.84,31.0,47.0,9.0,0.0,True,,4.6,8376.0,9.88,,,111.0,Glad,,"B01G9DOK66 (Glad - 8.5"" Round Paper Plates, 50ct - Pink Hydrangea)",[],True,False,True,False,Disposable Tabletop,2059.0,B01G9DOK66,2025-08-21,0.0,0.0,0.0,0.0,0.0
In Stock,ACTIVE,0.623,425.0,9.88,43.0,69.0,9.0,0.0,True,,4.6,8375.0,9.85,,,113.0,Glad,,"B01G9DOK66 (Glad - 8.5"" Round Paper Plates, 50ct - Pink Hydrangea)",[],True,False,True,False,Disposable Tabletop,1898.0,B01G9DOK66,2025-08-20,0.0,0.0,0.0,0.0,0.0
In Stock,ACTIVE,0.591,384.0,9.85,39.0,66.0,9.0,0.0,True,,4.6,8375.0,9.87,0.003726708074534161,0.3333333333333333,122.0,Glad,2.766666666666667,"B01G9DOK66 (Glad - 8.5"" Round Paper Plates, 50ct - Pink Hydrangea)",[],True,False,True,False,Disposable Tabletop,1930.0,B01G9DOK66,2025-08-19,8.3,9.82,3.0,805.0,1.0
In Stock,ACTIVE,0.924,602.0,9.87,61.0,66.0,9.0,0.0,True,,4.6,8375.0,9.89,0.001583531274742676,0.0,130.0,Glad,1.92,"B01G9DOK66 (Glad - 8.5"" Round Paper Plates, 50ct - Pink Hydrangea)",[],True,False,True,False,Disposable Tabletop,1937.0,B01G9DOK66,2025-08-18,3.84,0.0,2.0,1263.0,0.0
In Stock,ACTIVE,0.7829999999999999,356.0,9.88,36.0,46.0,9.0,0.0,True,,4.6,8374.0,9.88,0.00242914979757085,0.0,133.0,Glad,1.84,"B01G9DOK66 (Glad - 8.5"" Round Paper Plates, 50ct - Pink Hydrangea)",[],True,False,True,False,Disposable Tabletop,1999.0,B01G9DOK66,2025-08-17,5.52,0.0,3.0,1235.0,0.0
In Stock,ACTIVE,0.333,168.0,9.88,17.0,51.0,9.0,0.0,True,,4.6,8373.0,9.88,0.004032258064516129,0.0,115.0,Glad,2.564,"B01G9DOK66 (Glad - 8.5"" Round Paper Plates, 50ct - Pink Hydrangea)",[],True,False,True,False,Disposable Tabletop,1977.0,B01G9DOK66,2025-08-16,12.82,0.0,5.0,1240.0,0.0
In Stock,ACTIVE,0.5529999999999999,257.0,9.89,26.0,47.0,9.0,0.0,True,,4.6,8372.0,9.88,0.001531393568147014,0.0,130.0,Glad,2.795,"B01G9DOK66 (Glad - 8.5"" Round Paper Plates, 50ct - Pink Hydrangea)",[],True,False,True,False,Disposable Tabletop,1992.0,B01G9DOK66,2025-08-15,5.59,0.0,2.0,1306.0,0.0
In Stock,ACTIVE,0.512,405.0,9.88,41.0,80.0,9.0,0.0,True,,,,9.89,0.002004008016032064,0.0,118.0,Glad,1.603333333333333,"B01G9DOK66 (Glad - 8.5"" Round Paper Plates, 50ct - Pink Hydrangea)",[],True,False,True,False,Disposable Tabletop,1983.0,B01G9DOK66,2025-08-14,4.81,0.0,3.0,1497.0,0.0
In Stock,ACTIVE,0.63,455.0,9.89,46.0,73.0,9.0,0.0,True,,4.7,8102.0,9.91,0.002009377093101138,0.0,108.0,Glad,2.098333333333333,"B01G9DOK66 (Glad - 8.5"" Round Paper Plates, 50ct - Pink Hydrangea)",[],True,False,True,False,Disposable Tabletop,2063.0,B01G9DOK66,2025-08-13,12.59,0.0,6.0,2986.0,0.0
In Stock,ACTIVE,0.645,482.0,9.84,49.0,76.0,9.0,0.0,True,,4.7,8102.0,9.92,0.002001143510577473,0.0,86.0,Glad,1.697142857142857,"B01G9DOK66 (Glad - 8.5"" Round Paper Plates, 50ct - Pink Hydrangea)",[],True,False,True,False,Disposable Tabletop,2070.0,B01G9DOK66,2025-08-12,11.88,0.0,7.0,3498.0,0.0
In Stock,ACTIVE,0.848,554.0,9.9,56.0,66.0,9.0,0.0,True,,4.7,8102.0,9.88,0.0008349568605622043,0.0,80.0,Glad,1.39,"B01G9DOK66 (Glad - 8.5"" Round Paper Plates, 50ct - Pink Hydrangea)",[],True,False,True,False,Disposable Tabletop,2088.0,B01G9DOK66,2025-08-11,4.17,0.0,3.0,3593.0,0.0
In Stock,ACTIVE,0.725,496.0,9.91,50.0,69.0,9.0,0.0,True,,4.7,8104.0,9.88,0.0003463803255975061,0.0,99.0,Glad,1.4,"B01G9DOK66 (Glad - 8.5"" Round Paper Plates, 50ct - Pink Hydrangea)",[],True,False,True,False,Disposable Tabletop,2062.0,B01G9DOK66,2025-08-10,1.4,0.0,1.0,2887.0,0.0
In Stock,ACTIVE,0.455,296.0,9.88,30.0,66.0,9.0,0.0,True,,4.7,8105.0,9.85,0.002909514111143439,0.2,114.0,Glad,1.657,"B01G9DOK66 (Glad - 8.5"" Round Paper Plates, 50ct - Pink Hydrangea)",[],True,False,True,False,Disposable Tabletop,2023.0,B01G9DOK66,2025-08-09,16.57,17.67,10.0,3437.0,2.0
In Stock,ACTIVE,0.743,542.0,9.86,55.0,74.0,9.0,0.0,True,,4.7,8105.0,9.84,0.01805869074492099,0.25,113.0,Glad,2.385,"B01G9DOK66 (Glad - 8.5"" Round Paper Plates, 50ct - Pink Hydrangea)",[],True,False,True,False,Disposable Tabletop,2018.0,B01G9DOK66,2025-08-08,19.08,19.7,8.0,443.0,2.0
In Stock,ACTIVE,0.6579999999999999,472.0,9.84,48.0,73.0,9.0,0.0,True,,4.7,8105.0,9.94,0.002500893176134334,0.2857142857142857,126.0,Glad,1.621428571428571,"B01G9DOK66 (Glad - 8.5"" Round Paper Plates, 50ct - Pink Hydrangea)",[],True,False,True,False,Disposable Tabletop,2050.0,B01G9DOK66,2025-08-07,11.35,14.83,7.0,2799.0,2.0
In Stock,ACTIVE,0.81,503.0,9.87,51.0,63.0,9.0,0.0,True,,4.7,8105.0,9.99,0.0,,101.0,Glad,,"B01G9DOK66 (Glad - 8.5"" Round Paper Plates, 50ct - Pink Hydrangea)",[],True,False,True,False,Disposable Tabletop,2089.0,B01G9DOK66,2025-08-06,0.0,0.0,0.0,48.0,0.0
In Stock,ACTIVE,0.53,348.0,9.95,35.0,66.0,9.0,0.0,True,,4.7,8105.0,10.01,,,103.0,Glad,,"B01G9DOK66 (Glad - 8.5"" Round Paper Plates, 50ct - Pink Hydrangea)",[],True,False,True,False,Disposable Tabletop,2146.0,B01G9DOK66,2025-08-05,0.0,0.0,0.0,0.0,0.0
In Stock,ACTIVE,0.8,512.0,9.85,52.0,65.0,9.0,0.0,True,,4.7,8104.0,9.62,,,98.0,Glad,,"B01G9DOK66 (Glad - 8.5"" Round Paper Plates, 50ct - Pink Hydrangea)",[],True,False,True,False,Disposable Tabletop,2177.0,B01G9DOK66,2025-08-04,0.0,0.0,0.0,0.0,0.0
In Stock,ACTIVE,0.514,366.0,9.64,38.0,74.0,9.0,0.0,True,,4.7,8104.0,9.62,0.0,,96.0,Glad,,"B01G9DOK66 (Glad - 8.5"" Round Paper Plates, 50ct - Pink Hydrangea)",[],True,False,True,False,Disposable Tabletop,2088.0,B01G9DOK66,2025-08-03,0.0,0.0,0.0,308.0,0.0
In Stock,ACTIVE,0.293,231.0,9.63,24.0,82.0,9.0,0.0,True,,4.7,8104.0,9.65,0.0,,112.0,Glad,,"B01G9DOK66 (Glad - 8.5"" Round Paper Plates, 50ct - Pink Hydrangea)",[],True,False,True,False,Disposable Tabletop,2172.0,B01G9DOK66,2025-08-02,0.0,0.0,0.0,220.0,0.0
In Stock,ACTIVE,0.7879999999999999,499.0,9.6,52.0,66.0,9.0,0.0,True,,4.7,8105.0,9.65,0.01470588235294118,0.0,115.0,Glad,2.13,"B01G9DOK66 (Glad - 8.5"" Round Paper Plates, 50ct - Pink Hydrangea)",[],True,False,True,False,Disposable Tabletop,2168.0,B01G9DOK66,2025-08-01,2.13,0.0,1.0,68.0,0.0
In Stock,ACTIVE,0.615,568.0,9.62,59.0,96.0,18.0,0.0,True,,4.7,8106.0,9.53,0.003891050583657588,0.0,119.0,Glad,2.005,"B01G9DOK66 (Glad - 8.5"" Round Paper Plates, 50ct - Pink Hydrangea)",[],True,False,True,False,Disposable Tabletop,2197.0,B01G9DOK66,2025-07-31,4.01,0.0,2.0,514.0,0.0
In Stock,ACTIVE,0.423,419.0,9.52,44.0,104.0,9.0,0.0,True,,4.7,8106.0,9.53,0.001971090670170828,0.0,107.0,Glad,1.486666666666667,"B01G9DOK66 (Glad - 8.5"" Round Paper Plates, 50ct - Pink Hydrangea)",[],True,False,True,False,Disposable Tabletop,2131.0,B01G9DOK66,2025-07-30,4.46,0.0,3.0,1522.0,0.0
In Stock,ACTIVE,0.36,390.0,9.74,40.0,111.0,9.0,0.0,True,,4.7,8106.0,9.78,0.002123142250530786,1.0,99.0,Glad,1.57,"B01G9DOK66 (Glad - 8.5"" Round Paper Plates, 50ct - Pink Hydrangea)",[],True,False,True,False,Disposable Tabletop,2160.0,B01G9DOK66,2025-07-29,1.57,9.77,1.0,471.0,1.0
In Stock,ACTIVE,0.29,351.0,9.76,36.0,124.0,9.0,0.0,True,,4.7,8106.0,9.78,,,111.0,Glad,,"B01G9DOK66 (Glad - 8.5"" Round Paper Plates, 50ct - Pink Hydrangea)",[],True,False,True,False,Disposable Tabletop,2186.0,B01G9DOK66,2025-07-28,0.0,0.0,0.0,0.0,0.0
In Stock,ACTIVE,0.632,538.0,9.77,55.0,87.0,9.0,0.0,True,,4.7,8106.0,9.75,,,110.0,Glad,,"B01G9DOK66 (Glad - 8.5"" Round Paper Plates, 50ct - Pink Hydrangea)",[],True,False,True,False,Disposable Tabletop,2158.0,B01G9DOK66,2025-07-27,0.0,0.0,0.0,0.0,0.0
In Stock,ACTIVE,0.271,186.0,9.77,19.0,70.0,9.0,0.0,True,,4.7,8107.0,9.76,,,126.0,Glad,,"B01G9DOK66 (Glad - 8.5"" Round Paper Plates, 50ct - Pink Hydrangea)",[],True,False,True,False,Disposable Tabletop,2213.0,B01G9DOK66,2025-07-26,0.0,0.0,0.0,0.0,0.0
In Stock,ACTIVE,0.632,349.0,9.71,36.0,57.0,9.0,0.0,True,,4.7,8107.0,9.76,,,130.0,Glad,,"B01G9DOK66 (Glad - 8.5"" Round Paper Plates, 50ct - Pink Hydrangea)",[],True,False,True,False,Disposable Tabletop,2256.0,B01G9DOK66,2025-07-25,,,,,
In Stock,ACTIVE,0.556,387.0,9.68,40.0,72.0,9.0,0.0,True,,4.7,8107.0,9.62,,,119.0,Glad,,"B01G9DOK66 (Glad - 8.5"" Round Paper Plates, 50ct - Pink Hydrangea)",[],True,False,True,False,Disposable Tabletop,2078.0,B01G9DOK66,2025-07-24,,,,,
In Stock,ACTIVE,0.421,229.0,9.54,24.0,57.0,9.0,0.0,True,,4.7,8107.0,9.64,,,102.0,Glad,,"B01G9DOK66 (Glad - 8.5"" Round Paper Plates, 50ct - Pink Hydrangea)",[],True,False,True,False,Disposable Tabletop,2132.0,B01G9DOK66,2025-07-22,0.0,0.0,0.0,0.0,0.0
In Stock,ACTIVE,0.871,520.0,9.63,54.0,62.0,9.0,0.0,True,,4.7,8107.0,9.63,,,101.0,Glad,,"B01G9DOK66 (Glad - 8.5"" Round Paper Plates, 50ct - Pink Hydrangea)",[],True,False,True,False,Disposable Tabletop,2112.0,B01G9DOK66,2025-07-21,,,,,
In Stock,ACTIVE,0.5,336.0,9.61,35.0,70.0,9.0,0.0,True,,4.7,8108.0,9.63,,,103.0,Glad,,"B01G9DOK66 (Glad - 8.5"" Round Paper Plates, 50ct - Pink Hydrangea)",[],True,False,True,False,Disposable Tabletop,2171.0,B01G9DOK66,2025-07-20,,,,,
In Stock,ACTIVE,0.552,308.0,9.62,32.0,58.0,9.0,0.0,True,,4.7,8108.0,9.65,,,121.0,Glad,,"B01G9DOK66 (Glad - 8.5"" Round Paper Plates, 50ct - Pink Hydrangea)",[],True,False,True,False,Disposable Tabletop,2163.0,B01G9DOK66,2025-07-19,,,,,
In Stock,ACTIVE,0.7290000000000001,491.0,9.62,51.0,70.0,9.0,0.0,True,,4.7,8108.0,9.66,,,115.0,Glad,,"B01G9DOK66 (Glad - 8.5"" Round Paper Plates, 50ct - Pink Hydrangea)",[],True,False,True,False,Disposable Tabletop,2140.0,B01G9DOK66,2025-07-18,,,,,
In Stock,ACTIVE,0.568,444.0,9.64,46.0,81.0,9.0,0.0,True,,4.7,8107.0,9.9,,,110.0,Glad,,"B01G9DOK66 (Glad - 8.5"" Round Paper Plates, 50ct - Pink Hydrangea)",[],True,False,True,False,Disposable Tabletop,2119.0,B01G9DOK66,2025-07-17,,,,,
In Stock,ACTIVE,0.368,317.0,9.9,32.0,87.0,9.0,0.0,True,,4.7,8107.0,9.9,,,113.0,Glad,,"B01G9DOK66 (Glad - 8.5"" Round Paper Plates, 50ct - Pink Hydrangea)",[],True,False,True,False,Disposable Tabletop,2056.0,B01G9DOK66,2025-07-16,,,,,
In Stock,ACTIVE,0.513,396.0,9.9,40.0,78.0,9.0,0.0,True,,4.7,8108.0,9.94,,,124.0,Glad,,"B01G9DOK66 (Glad - 8.5"" Round Paper Plates, 50ct - Pink Hydrangea)",[],True,False,True,False,Disposable Tabletop,1969.0,B01G9DOK66,2025-07-15,,,,,
In Stock,ACTIVE,0.92,687.0,9.95,69.0,75.0,9.0,0.0,True,,4.7,8107.0,9.93,,,139.0,Glad,,"B01G9DOK66 (Glad - 8.5"" Round Paper Plates, 50ct - Pink Hydrangea)",[],True,False,True,False,Disposable Tabletop,1994.0,B01G9DOK66,2025-07-14,,,,,
In Stock,ACTIVE,0.381,319.0,9.97,32.0,84.0,9.0,0.0,True,,4.7,8108.0,9.95,,,152.0,Glad,,"B01G9DOK66 (Glad - 8.5"" Round Paper Plates, 50ct - Pink Hydrangea)",[],True,False,True,False,Disposable Tabletop,2076.0,B01G9DOK66,2025-07-13,,,,,
In Stock,ACTIVE,0.476,298.0,9.94,30.0,63.0,9.0,0.0,True,,4.7,8108.0,9.95,,,154.0,Glad,,"B01G9DOK66 (Glad - 8.5"" Round Paper Plates, 50ct - Pink Hydrangea)",[],True,False,True,False,Disposable Tabletop,2024.0,B01G9DOK66,2025-07-12,,,,,
